// Jest Snapshot v1, https://goo.gl/fbAQLP

exports[`DataTableInfo should render correctly 1`] = `
ShallowWrapper {
  Symbol(enzyme.__root__): [Circular],
  Symbol(enzyme.__unrendered__): <DataTableInfo />,
  Symbol(enzyme.__renderer__): Object {
    "batchedUpdates": [Function],
    "getNode": [Function],
    "render": [Function],
    "simulateError": [Function],
    "simulateEvent": [Function],
    "unmount": [Function],
  },
  Symbol(enzyme.__node__): Object {
    "instance": null,
    "key": undefined,
    "nodeType": "host",
    "props": Object {
      "children": Array [
        "Showing ",
        <span>
          NaN
           to 
          NaN
        </span>,
        " of ",
        <span />,
        " ",
        undefined,
      ],
      "className": "page-result",
    },
    "ref": null,
    "rendered": Array [
      "Showing ",
      Object {
        "instance": null,
        "key": undefined,
        "nodeType": "host",
        "props": Object {
          "children": Array [
            NaN,
            " to ",
            NaN,
          ],
        },
        "ref": null,
        "rendered": Array [
          NaN,
          " to ",
          NaN,
        ],
        "type": "span",
      },
      " of ",
      Object {
        "instance": null,
        "key": undefined,
        "nodeType": "host",
        "props": Object {
          "children": undefined,
        },
        "ref": null,
        "rendered": null,
        "type": "span",
      },
      " ",
      undefined,
    ],
    "type": "p",
  },
  Symbol(enzyme.__nodes__): Array [
    Object {
      "instance": null,
      "key": undefined,
      "nodeType": "host",
      "props": Object {
        "children": Array [
          "Showing ",
          <span>
            NaN
             to 
            NaN
          </span>,
          " of ",
          <span />,
          " ",
          undefined,
        ],
        "className": "page-result",
      },
      "ref": null,
      "rendered": Array [
        "Showing ",
        Object {
          "instance": null,
          "key": undefined,
          "nodeType": "host",
          "props": Object {
            "children": Array [
              NaN,
              " to ",
              NaN,
            ],
          },
          "ref": null,
          "rendered": Array [
            NaN,
            " to ",
            NaN,
          ],
          "type": "span",
        },
        " of ",
        Object {
          "instance": null,
          "key": undefined,
          "nodeType": "host",
          "props": Object {
            "children": undefined,
          },
          "ref": null,
          "rendered": null,
          "type": "span",
        },
        " ",
        undefined,
      ],
      "type": "p",
    },
  ],
  Symbol(enzyme.__options__): Object {
    "adapter": ReactSixteenAdapter {
      "options": Object {
        "enableComponentDidUpdateOnSetState": true,
        "lifecycles": Object {
          "componentDidUpdate": Object {
            "onSetState": true,
          },
          "getDerivedStateFromProps": true,
          "getSnapshotBeforeUpdate": true,
          "setState": Object {
            "skipsComponentDidUpdateOnNullish": true,
          },
        },
      },
    },
  },
}
`;
