// Jest Snapshot v1, https://goo.gl/fbAQLP

exports[`RequestStatus component if renders again correctly 1`] = `
ShallowWrapper {
  Symbol(enzyme.__root__): [Circular],
  Symbol(enzyme.__unrendered__): <RequestStatus
    history={
      Object {
        "push": [MockFunction],
      }
    }
    location={
      Object {
        "pathname": "/request-status",
        "state": Object {
          "details": Object {
            "action": "Registered",
            "icon": "fa fa-check",
            "id": "123",
            "link": null,
            "showButton": false,
          },
        },
      }
    }
  />,
  Symbol(enzyme.__renderer__): Object {
    "batchedUpdates": [Function],
    "getNode": [Function],
    "render": [Function],
    "simulateError": [Function],
    "simulateEvent": [Function],
    "unmount": [Function],
  },
  Symbol(enzyme.__node__): Object {
    "instance": null,
    "key": undefined,
    "nodeType": "host",
    "props": Object {
      "children": <div
        className="submitted"
      >
        <div
          className="icon-box"
        >
          <i
            className="fa fa-check"
          />
        </div>
        <h4>
           
          <span>
            Registered
          </span>
           
          !
        </h4>
        <div
          className="msg"
        >
          <p>
             
            <span>
              123
            </span>
          </p>
        </div>
      </div>,
    },
    "ref": null,
    "rendered": Object {
      "instance": null,
      "key": undefined,
      "nodeType": "host",
      "props": Object {
        "children": Array [
          <div
            className="icon-box"
          >
            <i
              className="fa fa-check"
            />
          </div>,
          <h4>
             
            <span>
              Registered
            </span>
             
            !
          </h4>,
          <div
            className="msg"
          >
            <p>
               
              <span>
                123
              </span>
            </p>
          </div>,
          false,
        ],
        "className": "submitted",
      },
      "ref": null,
      "rendered": Array [
        Object {
          "instance": null,
          "key": undefined,
          "nodeType": "host",
          "props": Object {
            "children": <i
              className="fa fa-check"
            />,
            "className": "icon-box",
          },
          "ref": null,
          "rendered": Object {
            "instance": null,
            "key": undefined,
            "nodeType": "host",
            "props": Object {
              "className": "fa fa-check",
            },
            "ref": null,
            "rendered": null,
            "type": "i",
          },
          "type": "div",
        },
        Object {
          "instance": null,
          "key": undefined,
          "nodeType": "host",
          "props": Object {
            "children": Array [
              undefined,
              " ",
              <span>
                Registered
              </span>,
              " ",
              undefined,
              "!",
            ],
          },
          "ref": null,
          "rendered": Array [
            undefined,
            " ",
            Object {
              "instance": null,
              "key": undefined,
              "nodeType": "host",
              "props": Object {
                "children": "Registered",
              },
              "ref": null,
              "rendered": "Registered",
              "type": "span",
            },
            " ",
            undefined,
            "!",
          ],
          "type": "h4",
        },
        Object {
          "instance": null,
          "key": undefined,
          "nodeType": "host",
          "props": Object {
            "children": <p>
               
              <span>
                123
              </span>
            </p>,
            "className": "msg",
          },
          "ref": null,
          "rendered": Object {
            "instance": null,
            "key": undefined,
            "nodeType": "host",
            "props": Object {
              "children": Array [
                undefined,
                " ",
                <span>
                  123
                </span>,
              ],
            },
            "ref": null,
            "rendered": Array [
              undefined,
              " ",
              Object {
                "instance": null,
                "key": undefined,
                "nodeType": "host",
                "props": Object {
                  "children": "123",
                },
                "ref": null,
                "rendered": "123",
                "type": "span",
              },
            ],
            "type": "p",
          },
          "type": "div",
        },
        false,
      ],
      "type": "div",
    },
    "type": "div",
  },
  Symbol(enzyme.__nodes__): Array [
    Object {
      "instance": null,
      "key": undefined,
      "nodeType": "host",
      "props": Object {
        "children": <div
          className="submitted"
        >
          <div
            className="icon-box"
          >
            <i
              className="fa fa-check"
            />
          </div>
          <h4>
             
            <span>
              Registered
            </span>
             
            !
          </h4>
          <div
            className="msg"
          >
            <p>
               
              <span>
                123
              </span>
            </p>
          </div>
        </div>,
      },
      "ref": null,
      "rendered": Object {
        "instance": null,
        "key": undefined,
        "nodeType": "host",
        "props": Object {
          "children": Array [
            <div
              className="icon-box"
            >
              <i
                className="fa fa-check"
              />
            </div>,
            <h4>
               
              <span>
                Registered
              </span>
               
              !
            </h4>,
            <div
              className="msg"
            >
              <p>
                 
                <span>
                  123
                </span>
              </p>
            </div>,
            false,
          ],
          "className": "submitted",
        },
        "ref": null,
        "rendered": Array [
          Object {
            "instance": null,
            "key": undefined,
            "nodeType": "host",
            "props": Object {
              "children": <i
                className="fa fa-check"
              />,
              "className": "icon-box",
            },
            "ref": null,
            "rendered": Object {
              "instance": null,
              "key": undefined,
              "nodeType": "host",
              "props": Object {
                "className": "fa fa-check",
              },
              "ref": null,
              "rendered": null,
              "type": "i",
            },
            "type": "div",
          },
          Object {
            "instance": null,
            "key": undefined,
            "nodeType": "host",
            "props": Object {
              "children": Array [
                undefined,
                " ",
                <span>
                  Registered
                </span>,
                " ",
                undefined,
                "!",
              ],
            },
            "ref": null,
            "rendered": Array [
              undefined,
              " ",
              Object {
                "instance": null,
                "key": undefined,
                "nodeType": "host",
                "props": Object {
                  "children": "Registered",
                },
                "ref": null,
                "rendered": "Registered",
                "type": "span",
              },
              " ",
              undefined,
              "!",
            ],
            "type": "h4",
          },
          Object {
            "instance": null,
            "key": undefined,
            "nodeType": "host",
            "props": Object {
              "children": <p>
                 
                <span>
                  123
                </span>
              </p>,
              "className": "msg",
            },
            "ref": null,
            "rendered": Object {
              "instance": null,
              "key": undefined,
              "nodeType": "host",
              "props": Object {
                "children": Array [
                  undefined,
                  " ",
                  <span>
                    123
                  </span>,
                ],
              },
              "ref": null,
              "rendered": Array [
                undefined,
                " ",
                Object {
                  "instance": null,
                  "key": undefined,
                  "nodeType": "host",
                  "props": Object {
                    "children": "123",
                  },
                  "ref": null,
                  "rendered": "123",
                  "type": "span",
                },
              ],
              "type": "p",
            },
            "type": "div",
          },
          false,
        ],
        "type": "div",
      },
      "type": "div",
    },
  ],
  Symbol(enzyme.__options__): Object {
    "adapter": ReactSixteenAdapter {
      "options": Object {
        "enableComponentDidUpdateOnSetState": true,
        "lifecycles": Object {
          "componentDidUpdate": Object {
            "onSetState": true,
          },
          "getDerivedStateFromProps": true,
          "getSnapshotBeforeUpdate": true,
          "setState": Object {
            "skipsComponentDidUpdateOnNullish": true,
          },
        },
      },
    },
  },
}
`;
